// Jest Snapshot v1, https://goo.gl/fbAQLP

exports[`Marker component Matches the snapshot 1`] = `
<div
  className="jsx-1110152491 marker-container"
>
  <img
    className="jsx-1110152491"
    src="/static/icon/marker.svg"
  />
</div>
`;
